// Jest Snapshot v1, https://goo.gl/fbAQLP

exports[`it renders the screen properly 1`] = `
<RCTScrollView>
  <View>
    <View>
      <Image
        resizeMode="contain"
        source={1}
        style={
          Object {
            "alignSelf": "center",
            "borderRadius": 5,
            "borderWidth": 1,
            "height": 250,
            "width": 250,
          }
        }
      />
      <View
        accessibilityRole="button"
        accessible={true}
        collapsable={false}
        focusable={true}
        onClick={[Function]}
        onResponderGrant={[Function]}
        onResponderMove={[Function]}
        onResponderRelease={[Function]}
        onResponderTerminate={[Function]}
        onResponderTerminationRequest={[Function]}
        onStartShouldSetResponder={[Function]}
        style={
          Object {
            "opacity": 1,
          }
        }
      >
        <View
          style={
            Array [
              Object {},
            ]
          }
        >
          <Text
            style={
              Array [
                Object {
                  "color": "#007AFF",
                  "fontSize": 18,
                  "margin": 8,
                  "textAlign": "center",
                },
              ]
            }
          >
            Add your photo
          </Text>
        </View>
      </View>
      <Text
        style={
          Object {
            "fontSize": 20,
            "marginBottom": 10,
            "marginLeft": 5,
          }
        }
      >
        Enter Name
      </Text>
      <TextInput
        onChangeText={[Function]}
        style={
          Object {
            "borderColor": "black",
            "borderWidth": 1,
            "fontSize": 18,
            "margin": 5,
            "marginBottom": 15,
            "padding": 5,
          }
        }
        testID="nameInput"
        value=""
      />
      <Text
        style={
          Object {
            "fontSize": 20,
            "marginBottom": 10,
            "marginLeft": 5,
          }
        }
      >
        Enter Contact
      </Text>
      <TextInput
        keyboardType="phone-pad"
        maxLength={13}
        onChangeText={[Function]}
        style={
          Object {
            "borderColor": "black",
            "borderWidth": 1,
            "fontSize": 18,
            "margin": 5,
            "marginBottom": 15,
            "padding": 5,
          }
        }
        testID="contactInput"
        value=""
      />
      <Text
        style={
          Object {
            "fontSize": 20,
            "marginBottom": 10,
            "marginLeft": 5,
          }
        }
      >
        Enter Email
      </Text>
      <TextInput
        keyboardType="email-address"
        onChangeText={[Function]}
        style={
          Object {
            "borderColor": "black",
            "borderWidth": 1,
            "fontSize": 18,
            "margin": 5,
            "marginBottom": 15,
            "padding": 5,
          }
        }
        testID="emailInput"
        value=""
      />
      <View
        accessibilityRole="button"
        accessible={true}
        collapsable={false}
        focusable={true}
        onClick={[Function]}
        onResponderGrant={[Function]}
        onResponderMove={[Function]}
        onResponderRelease={[Function]}
        onResponderTerminate={[Function]}
        onResponderTerminationRequest={[Function]}
        onStartShouldSetResponder={[Function]}
        style={
          Object {
            "opacity": 1,
          }
        }
        testID="submitButton"
      >
        <View
          style={
            Array [
              Object {},
            ]
          }
        >
          <Text
            style={
              Array [
                Object {
                  "color": "#007AFF",
                  "fontSize": 18,
                  "margin": 8,
                  "textAlign": "center",
                },
              ]
            }
          >
            save
          </Text>
        </View>
      </View>
    </View>
  </View>
</RCTScrollView>
`;
