// Jest Snapshot v1, https://goo.gl/fbAQLP

exports[`should render the screen properly 1`] = `
<View>
  <View
    style={
      Object {
        "backgroundColor": "#D7D7D7",
        "borderRadius": 5,
        "flexDirection": "row",
        "height": 50,
        "maginBottom": 10,
        "marginHorizontal": 10,
        "marginTop": 10,
      }
    }
  >
    <TextInput
      autoCapitalize="none"
      autoCorrect={false}
      onChangeText={[Function]}
      placeholder="Search name..."
      testID="searchInput"
      value=""
    />
  </View>
  <RCTScrollView
    data={
      Array [
        Object {
          "contact": "123456789",
          "email": "john@email.com",
          "id": "m6mCM9WiOxTLKloREk1y_",
          "imagePath": "",
          "name": "john doe",
        },
      ]
    }
    getItem={[Function]}
    getItemCount={[Function]}
    keyExtractor={[Function]}
    keyExtrator={[Function]}
    onContentSizeChange={[Function]}
    onLayout={[Function]}
    onMomentumScrollBegin={[Function]}
    onMomentumScrollEnd={[Function]}
    onScroll={[Function]}
    onScrollBeginDrag={[Function]}
    onScrollEndDrag={[Function]}
    removeClippedSubviews={false}
    renderItem={[Function]}
    scrollEventThrottle={50}
    stickyHeaderIndices={Array []}
    viewabilityConfigCallbackPairs={Array []}
  >
    <View>
      <View
        onLayout={[Function]}
        style={null}
      >
        <View
          accessible={true}
          collapsable={false}
          focusable={true}
          onClick={[Function]}
          onResponderGrant={[Function]}
          onResponderMove={[Function]}
          onResponderRelease={[Function]}
          onResponderTerminate={[Function]}
          onResponderTerminationRequest={[Function]}
          onStartShouldSetResponder={[Function]}
          style={
            Object {
              "opacity": 1,
            }
          }
        >
          <View
            style={
              Object {
                "borderColor": "grey",
                "borderTopWidth": 1,
                "flexDirection": "row",
                "justifyContent": "space-between",
                "paddingHorizontal": 10,
                "paddingVertical": 20,
              }
            }
          >
            <Text
              style={
                Object {
                  "fontSize": 18,
                }
              }
            >
               
              john doe
            </Text>
            <View
              accessible={true}
              collapsable={false}
              focusable={true}
              onClick={[Function]}
              onResponderGrant={[Function]}
              onResponderMove={[Function]}
              onResponderRelease={[Function]}
              onResponderTerminate={[Function]}
              onResponderTerminationRequest={[Function]}
              onStartShouldSetResponder={[Function]}
              style={
                Object {
                  "opacity": 1,
                }
              }
              testID="deleteIcon"
            >
              <Text />
            </View>
          </View>
        </View>
      </View>
    </View>
  </RCTScrollView>
</View>
`;
